// Jest Snapshot v1, https://goo.gl/fbAQLP

exports[`<TestButton /> renders correctly 1`] = `
<button
  className="test-button"
  data-testid="test-button"
>
  test
</button>
`;
